// 重构日志: a13ddef4
// 重构日志: cec17c77
// 重构日志: 05399fd4
// 重构日志: 59e97a5a
// 同步 ID: 817032b5 @ Mon Jul 20 16:23:26 UTC 2026
// 重构日志: f564202a
// 重构日志: 04f35a27
// 同步 ID: 7e07bb9c @ Tue Jul 21 13:02:34 UTC 2026
// 重构日志: 682d25ab
// 重构日志: ca7b8f06
// 重构日志: 66791f83
// 重构日志: 8ca748a8
// 重构日志: 4aa595a9
// 重构日志: 30724d5d
// 同步 ID: eacb6929 @ Thu Jul 23 10:40:36 UTC 2026
// 重构日志: 0b467377
// 重构日志: 8eec80d9
// 重构日志: d908f147
// 同步 ID: 048966bb @ Mon Jul 27 05:04:43 UTC 2026
// 重构日志: b1510c08
// 同步 ID: 768fa5f5 @ Thu Jul 30 03:58:41 UTC 2026
// 重构日志: b0f70e31
// 重构日志: 1fd2be60
// 重构日志: 9c0d38a8
// 同步 ID: b901d26c @ Mon Aug  3 12:43:40 UTC 2026
// 重构日志: e495c5cf
// 重构日志: a862becb
// 同步 ID: 9a460138 @ Thu Aug  6 07:54:30 UTC 2026
// 同步 ID: 8906e771 @ Fri Aug  7 15:41:22 UTC 2026
// 同步 ID: c2135768 @ Sat Aug  8 07:47:56 UTC 2026
